   10 paran
    9 ne paran
    8 paran
    7 ne paran
    6 paran
   10
Completion took 3 ms
