    0    1v   97
v    4
 2994
 1994 5994 5988 5982
17928084

Completion took 4050 ms