   11    3  102   18    3   39krca  450  150
Completion took 2 ms
