ala
ala
0,0
ala
ala
0,1
ala
ala
0,2

ala
ala
1,0
ala
ala
1,1
ala
ala
1,2

ala
ala
2,0
ala
ala
2,1
ala
ala
2,2

ala
ala
3,0
ala
ala
3,1
ala
ala
3,2

ala
ala
4,0
ala
ala
4,1
ala
ala
4,2


Completion took 6 ms
